// Jest Snapshot v1, https://goo.gl/fbAQLP

exports[`<Button /> should match snapshot 1`] = `
<button
  class="btn-add-posts"
  disabled=""
>
  Load more
</button>
`;
